// Jest Snapshot v1, https://goo.gl/fbAQLP

exports[`Button renders correctly 1`] = `
<View
  accessible={true}
  isTVSelectable={true}
  onResponderGrant={[Function]}
  onResponderMove={[Function]}
  onResponderRelease={[Function]}
  onResponderTerminate={[Function]}
  onResponderTerminationRequest={[Function]}
  onStartShouldSetResponder={[Function]}
  style={
    Object {
      "opacity": 1,
    }
  }
>
  <View
    style={
      Array [
        Object {
          "alignItems": "center",
          "backgroundColor": "#222",
          "borderRadius": 187.5,
          "flex": 1,
          "height": 177,
          "justifyContent": "center",
          "margin": 5,
          "width": 177,
        },
      ]
    }
  >
    <Text
      style={
        Array [
          Object {
            "fontSize": 32,
          },
        ]
      }
    />
  </View>
</View>
`;
